Microchip MPLAB XC8 Compiler V2.40

Linker command line:

-W-3 \
  --edf=C:/Program Files/Microchip/MPLABX/v6.15/packs/Microchip/PIC10-12Fxxx_DFP/1.6.174/xc8\pic\dat\20230421221704_en.msgs \
  -cn -h+dist/default/debug\CatLaserTorrent.X.debug.sym \
  --cmf=dist/default/debug\CatLaserTorrent.X.debug.cmf -z -Q12F683 \
  -oC:\Users\epare\AppData\Local\Temp\xcAs3i0.4 --defsym=__MPLAB_BUILD=1 \
  --fixupoverflow=error -Mdist/default/debug/CatLaserTorrent.X.debug.map \
  --md=C:\Users\epare\AppData\Local\Temp\xcAs3i0.dat -E1 -ver=XC8 Compiler \
  --acfsm=1493 -ACODE=00h-06FFh -ASTRCODE=00h-06FFh -ASTRING=00h-0FFhx7 \
  -ACONST=00h-0FFhx7 -AENTRY=00h-0FFhx7 -ACOMMON=071h-07Fh \
  -ABANK0=020h-064h -ABANK1=0A0h-0BFh -ARAM=020h-064h,0A0h-0BFh \
  -AABS1=020h-07Fh,0A0h-0BFh -ASFR0=00h-01Fh -ASFR1=080h-09Fh \
  -ACONFIG=02007h-02007h -DCONFIG=2 -AIDLOC=02000h-02003h -DIDLOC=2 \
  -AEEDATA=00h-0FFh/02100h -peeprom_data=EEDATA -DEEDATA=2 -DCODE=2 \
  -DSTRCODE=2 -DSTRING=2 -DCONST=2 -DENTRY=2 \
  -preset_vec=00h,intentry=04h,init,end_init -ppowerup=CODE -pcinit=CODE \
  -pfunctab=ENTRY -k C:\Users\epare\AppData\Local\Temp\xcAs3i0.o \
  dist/default/debug\CatLaserTorrent.X.debug.o 

Object code version is 3.11

Machine type is 12F683



                Name                               Link     Load   Length Selector   Space Scale
C:\Users\epare\AppData\Local\Temp\xcAs3i0.o
                end_init                              C        C        1        8       0
                reset_vec                             0        0        2        0       0
                config                             2007     2007        1        0       4
                idloc                              2000     2000        4        0       5
dist/default/debug\CatLaserTorrent.X.debug.o
                cinit                                 D        D       12        8       0
                intentry                              4        4        8        8       0
                config                             2007     2007        1        0       4
                idloc                              2000     2000        4        0       5
                text12                              1DD      1DD       41        8       0
                text11                              244      244       23        8       0
                text10                               FB       FB       5A        8       0
                text9                               155      155       47        8       0
                text8                               19C      19C       41        8       0
                text7                               21E      21E       26        8       0
                text6                                1F       1F       DC        8       0
                text5                               288      288        E        8       0
                text4                               2AA      2AA        A        8       0
                text3                               2A0      2A0        A        8       0
                text2                               2BC      2BC        8        8       0
                text1                               267      267       21        8       0
                maintext                            296      296        A        8       0
                cstackBANK0                          20       20       23       20       1
                cstackCOMMON                         71       71        5       71       1
                clrtext                             2B4      2B4        8        8       0
                dataBANK0                            51       51        4       20       1
                bssBANK0                             43       43        E       20       1
                bssCOMMON                            76       76        3       71       1
                nvBANK0                              55       55        1       20       1
                nvCOMMON                             79       79        1       71       1
                idataBANK0                          2C4      2C4        4        8       0

TOTAL           Name                               Link     Load   Length     Space
        CLASS   CODE           
                end_init                              C        C        1         0
                cinit                                 D        D       12         0
                intentry                              4        4        8         0
                reset_vec                             0        0        2         0
                text12                              1DD      1DD       41         0
                text11                              244      244       23         0
                text10                               FB       FB       5A         0
                text9                               155      155       47         0
                text8                               19C      19C       41         0
                text7                               21E      21E       26         0
                text6                                1F       1F       DC         0
                text5                               288      288        E         0
                text4                               2AA      2AA        A         0
                text3                               2A0      2A0        A         0
                text2                               2BC      2BC        8         0
                text1                               267      267       21         0
                maintext                            296      296        A         0
                clrtext                             2B4      2B4        8         0
                idataBANK0                          2C4      2C4        4         0

        CLASS   STRCODE        

        CLASS   STRING         

        CLASS   CONST          

        CLASS   ENTRY          

        CLASS   COMMON         
                cstackCOMMON                         71       71        5         1
                bssCOMMON                            76       76        3         1
                nvCOMMON                             79       79        1         1

        CLASS   BANK0          
                cstackBANK0                          20       20       23         1
                dataBANK0                            51       51        4         1
                bssBANK0                             43       43        E         1
                nvBANK0                              55       55        1         1

        CLASS   BANK1          

        CLASS   RAM            

        CLASS   ABS1           
                abs_s1                               7E       7E        2         1

        CLASS   SFR0           

        CLASS   SFR1           

        CLASS   CONFIG         
                config                             2007     2007        1         4

        CLASS   IDLOC          
                idloc                              2000     2000        4         5

        CLASS   EEDATA         

        CLASS   STACK          



SEGMENTS        Name                           Load    Length   Top    Selector   Space  Class     Delta

                reset_vec                      000000  000002  000002         0       0  CODE        2
                intentry                       000004  0002C4  0002C8         8       0  CODE        2
                cstackBANK0                    000020  000036  000056        20       1  BANK0       1
                cstackCOMMON                   000071  000009  00007A        71       1  COMMON      1


UNUSED ADDRESS RANGES

        Name                Unused          Largest block    Delta
        BANK0            0056-0064              F           1
        BANK1            00A0-00BF             20           1
        CODE             0002-0003              2           2
                         02C8-06FF            438
        COMMON           007A-007D              4           1
        CONST            0002-0003              2           2
                         02C8-06FF            100
        EEDATA           2100-21FF            100           2
        ENTRY            0002-0003              2           2
                         02C8-06FF            100
        RAM              0056-0064              F           1
                         00A0-00BF             20
        SFR0             0000-001F             20           1
        SFR1             0080-009F             20           1
        STRCODE          0002-0003              2           2
                         02C8-06FF            438
        STRING           0002-0003              2           2
                         02C8-06FF            100

                                  Symbol Table

?___awmod                       cstackBANK0  0033
?___lmul                        cstackBANK0  0020
?_generateRandom                cstackBANK0  003A
?_rand                          cstackBANK0  002C
_ANSEL                          (abs)        009F
_CCP1CON                        (abs)        0015
_ContadorMotor                  bssCOMMON    0076
_EstadoRCServo                  nvBANK0      0055
_GPIO                           (abs)        0005
_GPIObits                       (abs)        0005
_INDF                           (abs)        0000
_INTCONbits                     (abs)        000B
_MaskMotor                      nvCOMMON     0079
_OPTION_REG                     (abs)        0081
_OPTION_REGbits                 (abs)        0081
_OSCCON                         (abs)        008F
_PIE1bits                       (abs)        008C
_PIR1bits                       (abs)        000C
_PR2                            (abs)        0092
_T1CON                          (abs)        0010
_T1CONbits                      (abs)        0010
_T2CON                          (abs)        0012
_TMR0                           (abs)        0001
_TMR1                           (abs)        000E
_TMR2                           (abs)        0011
_TMR2IF                         (abs)        0061
_TMR2ON                         (abs)        0092
_TRISIO                         (abs)        0085
__Habs1                         abs1         0000
__Hbank0                        bank0        0000
__Hbank1                        bank1        0000
__HbssBANK0                     bssBANK0     0000
__HbssCOMMON                    bssCOMMON    0000
__Hcinit                        cinit        001F
__Hclrtext                      clrtext      0000
__Hcode                         code         0000
__Hcommon                       common       0000
__Hconfig                       config       2008
__HcstackBANK0                  cstackBANK0  0000
__HcstackCOMMON                 cstackCOMMON 0000
__HdataBANK0                    dataBANK0    0000
__Heeprom_data                  eeprom_data  0000
__Hend_init                     end_init     000D
__Hfunctab                      functab      0000
__HidataBANK0                   idataBANK0   0000
__Hidloc                        idloc        2004
__Hinit                         init         000C
__Hintentry                     intentry     000C
__Hmaintext                     maintext     0000
__HnvBANK0                      nvBANK0      0000
__HnvCOMMON                     nvCOMMON     0000
__Hpowerup                      powerup      0000
__Hram                          ram          0000
__Hreset_vec                    reset_vec    0002
__Hsfr0                         sfr0         0000
__Hsfr1                         sfr1         0000
__Hspace_0                      (abs)        02C8
__Hspace_1                      (abs)        007A
__Hspace_2                      (abs)        0000
__Hspace_3                      (abs)        0000
__Hspace_4                      (abs)        400F
__Hstack                        stack        0000
__Hstrings                      strings      0000
__Htext                         text         0000
__Labs1                         abs1         0000
__Lbank0                        bank0        0000
__Lbank1                        bank1        0000
__LbssBANK0                     bssBANK0     0000
__LbssCOMMON                    bssCOMMON    0000
__Lcinit                        cinit        000D
__Lclrtext                      clrtext      0000
__Lcode                         code         0000
__Lcommon                       common       0000
__Lconfig                       config       0000
__LcstackBANK0                  cstackBANK0  0000
__LcstackCOMMON                 cstackCOMMON 0000
__LdataBANK0                    dataBANK0    0000
__Leeprom_data                  eeprom_data  0000
__Lend_init                     end_init     000C
__Lfunctab                      functab      0000
__LidataBANK0                   idataBANK0   0000
__Lidloc                        idloc        0000
__Linit                         init         000C
__Lintentry                     intentry     0004
__Lmaintext                     maintext     0000
__LnvBANK0                      nvBANK0      0000
__LnvCOMMON                     nvCOMMON     0000
__Lpowerup                      powerup      0000
__Lram                          ram          0000
__Lreset_vec                    reset_vec    0000
__Lsfr0                         sfr0         0000
__Lsfr1                         sfr1         0000
__Lspace_0                      (abs)        0000
__Lspace_1                      (abs)        0000
__Lspace_2                      (abs)        0000
__Lspace_3                      (abs)        0000
__Lspace_4                      (abs)        0000
__Lstack                        stack        0000
__Lstrings                      strings      0000
__Ltext                         text         0000
__S0                            (abs)        02C8
__S1                            (abs)        007A
__S3                            (abs)        0000
___awmod                        text10       00FB
___awmod@counter                cstackBANK0  0038
___awmod@dividend               cstackBANK0  0035
___awmod@divisor                cstackBANK0  0033
___awmod@sign                   cstackBANK0  0039
___int_sp                       stack        0000
___latbits                      (abs)        0000
___lmul                         text9        0155
___lmul@multiplicand            cstackBANK0  0024
___lmul@multiplier              cstackBANK0  0020
___lmul@product                 cstackBANK0  0028
___sp                           stack        0000
___stackhi                      (abs)        0000
___stacklo                      (abs)        0000
__end_of___awmod                text10       0155
__end_of___lmul                 text9        019C
__end_of__initialization        cinit        001D
__end_of_generateRandom         text7        0244
__end_of_initPWM                text5        0296
__end_of_main                   maintext     02A0
__end_of_myISR                  text11       0267
__end_of_rand                   text8        01DD
__end_of_setTorretPosition      text6        00FB
__end_of_setup                  text1        0288
__end_of_setupTimer0            text4        02B4
__end_of_setupTimer1            text3        02AA
__end_of_srand                  text2        02C4
__end_of_timer1InterruptHandler text12       021E
__initialization                cinit        000D
__pbssBANK0                     bssBANK0     0043
__pbssCOMMON                    bssCOMMON    0076
__pcstackBANK0                  cstackBANK0  0020
__pcstackCOMMON                 cstackCOMMON 0071
__pdataBANK0                    dataBANK0    0051
__pidataBANK0                   idataBANK0   02C4
__pintentry                     intentry     0004
__pmaintext                     maintext     0296
__pnvBANK0                      nvBANK0      0055
__pnvCOMMON                     nvCOMMON     0079
__ptext1                        text1        0267
__ptext10                       text10       00FB
__ptext11                       text11       0244
__ptext12                       text12       01DD
__ptext2                        text2        02BC
__ptext3                        text3        02A0
__ptext4                        text4        02AA
__ptext5                        text5        0288
__ptext6                        text6        001F
__ptext7                        text7        021E
__ptext8                        text8        019C
__ptext9                        text9        0155
_generateRandom                 text7        021E
_initPWM                        text5        0288
_main                           maintext     0296
_motorAngle                     bssBANK0     0043
_motorTarget                    bssBANK0     0047
_mustCheckServos                bssCOMMON    0078
_myISR                          text11       0244
_overflow_count                 bssBANK0     004B
_rand                           text8        019C
_randx                          dataBANK0    0051
_setTorretPosition              text6        001F
_setup                          text1        0267
_setupTimer0                    text4        02AA
_setupTimer1                    text3        02A0
_speed                          bssBANK0     004F
_speedCounter                   bssBANK0     004D
_srand                          text2        02BC
_timer1InterruptHandler         text12       01DD
btemp                           (abs)        007E
clear_ram0                      clrtext      02B4
end_of_initialization           cinit        001D
generateRandom@max              cstackBANK0  003C
generateRandom@min              cstackBANK0  003A
generateRandom@randomNumber     cstackBANK0  0040
interrupt_function              intentry     0004
intlevel0                       functab      0000
intlevel1                       functab      0000
intlevel2                       functab      0000
intlevel3                       functab      0000
intlevel4                       functab      0000
intlevel5                       functab      0000
reset_vec                       reset_vec    0000
saved_w                         (abs)        007E
srand@x                         cstackBANK0  0020
start                           init         000C
start_initialization            cinit        000D
wtemp0                          (abs)        007E


MODULE INFORMATION

Module		Function		Class		Link	Load	Size
C:\Program Files\Microchip\xc8\v2.40\pic\sources\c90\common\rand.c
		_srand         		CODE           	02BC	0000	8
		_rand          		CODE           	019C	0000	65

C:\Program Files\Microchip\xc8\v2.40\pic\sources\c90\common\rand.c estimated size: 73

shared
		__initialization		CODE           	000D	0000	16

shared estimated size: 16

C:\Program Files\Microchip\xc8\v2.40\pic\sources\c90\common\awmod.c
		___awmod       		CODE           	00FB	0000	90

C:\Program Files\Microchip\xc8\v2.40\pic\sources\c90\common\awmod.c estimated size: 90

C:\Program Files\Microchip\xc8\v2.40\pic\sources\c90\common\Umul32.c
		___lmul        		CODE           	0155	0000	71

C:\Program Files\Microchip\xc8\v2.40\pic\sources\c90\common\Umul32.c estimated size: 71

main.c
		_timer1InterruptHandler		CODE           	01DD	0000	65
		_myISR         		CODE           	0244	0000	35
		_main          		CODE           	0296	0000	10
		_initPWM       		CODE           	0288	0000	14
		_setTorretPosition		CODE           	001F	0000	220
		_setup         		CODE           	0267	0000	33
		_generateRandom		CODE           	021E	0000	38
		_setupTimer0   		CODE           	02AA	0000	10
		_setupTimer1   		CODE           	02A0	0000	10

main.c estimated size: 435

