Microchip MPLAB XC8 Compiler V2.46

Linker command line:

-W-3 \
  --edf=C:\Program Files\Microchip\xc8\v2.46\pic\dat\20240104201356_en.msgs \
  -cn -h+dist/ICD3/production\CatLaserTorrent.X.production.sym \
  --cmf=dist/ICD3/production\CatLaserTorrent.X.production.cmf -z -Q12F683 \
  -oC:\Users\epare\AppData\Local\Temp\xcAs10m0.\driver_tmp_3.o \
  --defsym=__MPLAB_BUILD=1 --fixupoverflow=error \
  -Mdist/ICD3/production/CatLaserTorrent.X.production.map \
  --md=C:\Users\epare\AppData\Local\Temp\xcAs10m0.\driver_tmp_0.dat -E1 \
  -ver=XC8 Compiler --acfsm=1493 -ACODE=00h-07FFh -ASTRCODE=00h-07FFh \
  -ASTRING=00h-0FFhx8 -ACONST=00h-0FFhx8 -AENTRY=00h-0FFhx8 \
  -ACOMMON=070h-07Fh -ABANK0=020h-06Fh -ABANK1=0A0h-0BFh \
  -ARAM=020h-06Fh,0A0h-0BFh -AABS1=020h-07Fh,0A0h-0BFh -ASFR0=00h-01Fh \
  -ASFR1=080h-09Fh -ACONFIG=02007h-02007h -DCONFIG=2 -AIDLOC=02000h-02003h \
  -DIDLOC=2 -AEEDATA=00h-0FFh/02100h -peeprom_data=EEDATA -DEEDATA=2 \
  -DCODE=2 -DSTRCODE=2 -DSTRING=2 -DCONST=2 -DENTRY=2 \
  -preset_vec=00h,intentry=04h,sivt,init,end_init -ppowerup=CODE \
  -pcinit=CODE -pfunctab=ENTRY -k \
  C:\Users\epare\AppData\Local\Temp\xcAs10m0.\driver_tmp_13.o \
  dist/ICD3/production\CatLaserTorrent.X.production.o 

Object code version is 3.11

Machine type is 12F683



                Name                               Link     Load   Length Selector   Space Scale
C:\Users\epare\AppData\Local\Temp\xcAs10m0.\driver_tmp_13.o
                end_init                              E        E        1        8       0
                reset_vec                             0        0        1        0       0
                config                             2007     2007        1        0       4
                idloc                              2000     2000        4        0       5
dist/ICD3/production\CatLaserTorrent.X.production.o
                cinit                                 F        F       13        8       0
                intentry                              4        4        A        8       0
                config                             2007     2007        1        0       4
                idloc                              2000     2000        4        0       5
                text16                              2AE      2AE       69        8       0
                text15                              3D9      3D9       53        8       0
                text14                              317      317       68        8       0
                text13                              37F      37F       5A        8       0
                text12                              42C      42C       47        8       0
                text11                              4B9      4B9       41        8       0
                text10                              520      520       26        8       0
                text9                               232      232       7C        8       0
                text8                               4FA      4FA       26        8       0
                text7                               473      473       46        8       0
                text6                                22       22      159        8       0
                text5                               568      568        D        8       0
                text4                               57F      57F        A        8       0
                text3                               575      575        A        8       0
                text2                               591      591        8        8       0
                text1                               546      546       22        8       0
                maintext                            17B      17B       B7        8       0
                cstackBANK0                          20       20       34       20       1
                cstackCOMMON                         75       75        5       70       1
                clrtext                             589      589        8        8       0
                dataBANK0                            6B       6B        4       20       1
                bssBANK0                             54       54       17       20       1
                bssCOMMON                            70       70        5       70       1
                nvBANK0                              6F       6F        1       20       1
                idataBANK0                          599      599        4        8       0

TOTAL           Name                               Link     Load   Length     Space
        CLASS   CODE           
                end_init                              E        E        1         0
                cinit                                 F        F       13         0
                intentry                              4        4        A         0
                reset_vec                             0        0        1         0
                text16                              2AE      2AE       69         0
                text15                              3D9      3D9       53         0
                text14                              317      317       68         0
                text13                              37F      37F       5A         0
                text12                              42C      42C       47         0
                text11                              4B9      4B9       41         0
                text10                              520      520       26         0
                text9                               232      232       7C         0
                text8                               4FA      4FA       26         0
                text7                               473      473       46         0
                text6                                22       22      159         0
                text5                               568      568        D         0
                text4                               57F      57F        A         0
                text3                               575      575        A         0
                text2                               591      591        8         0
                text1                               546      546       22         0
                maintext                            17B      17B       B7         0
                clrtext                             589      589        8         0
                idataBANK0                          599      599        4         0

        CLASS   STRCODE        

        CLASS   STRING         

        CLASS   CONST          

        CLASS   ENTRY          

        CLASS   COMMON         
                cstackCOMMON                         75       75        5         1
                bssCOMMON                            70       70        5         1

        CLASS   BANK0          
                cstackBANK0                          20       20       34         1
                dataBANK0                            6B       6B        4         1
                bssBANK0                             54       54       17         1
                nvBANK0                              6F       6F        1         1

        CLASS   BANK1          

        CLASS   RAM            

        CLASS   ABS1           
                abs_s1                               7E       7E        2         1

        CLASS   SFR0           

        CLASS   SFR1           

        CLASS   CONFIG         
                config                             2007     2007        1         4

        CLASS   IDLOC          
                idloc                              2000     2000        4         5

        CLASS   EEDATA         

        CLASS   HEAP           

        CLASS   STACK          



SEGMENTS        Name                           Load    Length   Top    Selector   Space  Class     Delta

                reset_vec                      000000  000001  000001         0       0  CODE        2
                intentry                       000004  000599  00059D         8       0  CODE        2
                cstackBANK0                    000020  000050  000070        20       1  BANK0       1
                bssCOMMON                      000070  00000A  00007A        70       1  COMMON      1


UNUSED ADDRESS RANGES

        Name                Unused          Largest block    Delta
        BANK1            00A0-00BF             20           1
        CODE             0001-0003              3           2
                         059D-07FF            263
        COMMON           007A-007D              4           1
        CONST            0001-0003              3           2
                         059D-07FF            100
        EEDATA           2100-21FF            100           2
        ENTRY            0001-0003              3           2
                         059D-07FF            100
        RAM              00A0-00BF             20           1
        SFR0             0000-001F             20           1
        SFR1             0080-009F             20           1
        STRCODE          0001-0003              3           2
                         059D-07FF            263
        STRING           0001-0003              3           2
                         059D-07FF            100

                                  Symbol Table

?___awdiv                         cstackBANK0  0026
?___awmod                         cstackBANK0  0034
?___lmul                          cstackBANK0  0020
?___wmul                          cstackBANK0  0020
?_calculateSpeedIncrement         cstackBANK0  0042
?_generateRandom                  cstackBANK0  003A
?_rand                            cstackBANK0  002D
_ANSEL                            (abs)        009F
_CCP1CON                          (abs)        0015
_ContadorMotor                    bssCOMMON    0070
_EstadoRCServo                    bssCOMMON    0072
_GP2                              (abs)        002A
_GPIO                             (abs)        0005
_GPIObits                         (abs)        0005
_INTCONbits                       (abs)        000B
_MaskMotor                        nvBANK0      006F
_OPTION_REG                       (abs)        0081
_OPTION_REGbits                   (abs)        0081
_OSCCON                           (abs)        008F
_PIE1bits                         (abs)        008C
_PIR1bits                         (abs)        000C
_PR2                              (abs)        0092
_T1CON                            (abs)        0010
_T1CONbits                        (abs)        0010
_T2CON                            (abs)        0012
_TMR0                             (abs)        0001
_TMR1                             (abs)        000E
_TMR2                             (abs)        0011
_TMR2IF                           (abs)        0061
_TMR2ON                           (abs)        0092
_TRISIO                           (abs)        0085
__H__absolute__                   __absolute__ 0000
__Habs1                           abs1         0000
__Hbank0                          bank0        0000
__Hbank1                          bank1        0000
__HbssBANK0                       bssBANK0     0000
__HbssCOMMON                      bssCOMMON    0000
__Hcinit                          cinit        0022
__Hclrtext                        clrtext      0000
__Hcode                           code         0000
__Hcommon                         common       0000
__Hconfig                         config       2008
__HcstackBANK0                    cstackBANK0  0000
__HcstackCOMMON                   cstackCOMMON 0000
__HdataBANK0                      dataBANK0    0000
__Heeprom_data                    eeprom_data  0000
__Hend_init                       end_init     000F
__Hfunctab                        functab      0000
__Hheap                           heap         0000
__HidataBANK0                     idataBANK0   0000
__Hidloc                          idloc        2004
__Hinit                           init         000E
__Hintentry                       intentry     000E
__Hmaintext                       maintext     0000
__HnvBANK0                        nvBANK0      0000
__Hpowerup                        powerup      0000
__Hram                            ram          0000
__Hreset_vec                      reset_vec    0001
__Hsfr0                           sfr0         0000
__Hsfr1                           sfr1         0000
__Hsivt                           sivt         000E
__Hspace_0                        (abs)        059D
__Hspace_1                        (abs)        007A
__Hspace_2                        (abs)        0000
__Hspace_3                        (abs)        0000
__Hspace_4                        (abs)        400F
__Hstack                          stack        0000
__Hstrings                        strings      0000
__Htext                           text         0000
__L__absolute__                   __absolute__ 0000
__Labs1                           abs1         0000
__Lbank0                          bank0        0000
__Lbank1                          bank1        0000
__LbssBANK0                       bssBANK0     0000
__LbssCOMMON                      bssCOMMON    0000
__Lcinit                          cinit        000F
__Lclrtext                        clrtext      0000
__Lcode                           code         0000
__Lcommon                         common       0000
__Lconfig                         config       0000
__LcstackBANK0                    cstackBANK0  0000
__LcstackCOMMON                   cstackCOMMON 0000
__LdataBANK0                      dataBANK0    0000
__Leeprom_data                    eeprom_data  0000
__Lend_init                       end_init     000E
__Lfunctab                        functab      0000
__Lheap                           heap         0000
__LidataBANK0                     idataBANK0   0000
__Lidloc                          idloc        0000
__Linit                           init         000E
__Lintentry                       intentry     0004
__Lmaintext                       maintext     0000
__LnvBANK0                        nvBANK0      0000
__Lpowerup                        powerup      0000
__Lram                            ram          0000
__Lreset_vec                      reset_vec    0000
__Lsfr0                           sfr0         0000
__Lsfr1                           sfr1         0000
__Lsivt                           sivt         000E
__Lspace_0                        (abs)        0000
__Lspace_1                        (abs)        0000
__Lspace_2                        (abs)        0000
__Lspace_3                        (abs)        0000
__Lspace_4                        (abs)        0000
__Lstack                          stack        0000
__Lstrings                        strings      0000
__Ltext                           text         0000
__S0                              (abs)        059D
__S1                              (abs)        007A
__S3                              (abs)        0000
___awdiv                          text14       0317
___awdiv@counter                  cstackBANK0  002A
___awdiv@dividend                 cstackBANK0  0028
___awdiv@divisor                  cstackBANK0  0026
___awdiv@quotient                 cstackBANK0  002C
___awdiv@sign                     cstackBANK0  002B
___awmod                          text13       037F
___awmod@counter                  cstackBANK0  0038
___awmod@dividend                 cstackBANK0  0036
___awmod@divisor                  cstackBANK0  0034
___awmod@sign                     cstackBANK0  0039
___heap_hi                        (abs)        0000
___heap_lo                        (abs)        0000
___int_sp                         stack        0000
___int_stack_hi                   stack        0000
___int_stack_lo                   stack        0000
___latbits                        (abs)        0000
___lmul                           text12       042C
___lmul@multiplicand              cstackBANK0  0024
___lmul@multiplier                cstackBANK0  0020
___lmul@product                   cstackBANK0  0029
___sp                             stack        0000
___stack_hi                       stack        0000
___stack_lo                       stack        0000
___stackhi                        (abs)        0000
___stacklo                        (abs)        0000
___wmul                           text8        04FA
___wmul@multiplicand              cstackBANK0  0022
___wmul@multiplier                cstackBANK0  0020
___wmul@product                   cstackBANK0  0024
__end_of___awdiv                  text14       037F
__end_of___awmod                  text13       03D9
__end_of___lmul                   text12       0473
__end_of___wmul                   text8        0520
__end_of__initialization          cinit        0020
__end_of_calculateSpeedIncrement  text9        02AE
__end_of_convertAngle             text7        04B9
__end_of_generateRandom           text10       0546
__end_of_initPWM                  text5        0575
__end_of_main                     maintext     0232
__end_of_myISR                    text15       042C
__end_of_rand                     text11       04FA
__end_of_setTorretPosition        text6        017B
__end_of_setup                    text1        0568
__end_of_setupTimer0              text4        0589
__end_of_setupTimer1              text3        057F
__end_of_srand                    text2        0599
__end_of_timer1InterruptHandler   text16       0317
__initialization                  cinit        000F
__pbssBANK0                       bssBANK0     0054
__pbssCOMMON                      bssCOMMON    0070
__pcstackBANK0                    cstackBANK0  0020
__pcstackCOMMON                   cstackCOMMON 0075
__pdataBANK0                      dataBANK0    006B
__pidataBANK0                     idataBANK0   0599
__pintentry                       intentry     0004
__pmaintext                       maintext     017B
__pnvBANK0                        nvBANK0      006F
__ptext1                          text1        0546
__ptext10                         text10       0520
__ptext11                         text11       04B9
__ptext12                         text12       042C
__ptext13                         text13       037F
__ptext14                         text14       0317
__ptext15                         text15       03D9
__ptext16                         text16       02AE
__ptext2                          text2        0591
__ptext3                          text3        0575
__ptext4                          text4        057F
__ptext5                          text5        0568
__ptext6                          text6        0022
__ptext7                          text7        0473
__ptext8                          text8        04FA
__ptext9                          text9        0232
_calculateSpeedIncrement          text9        0232
_contador1Seg                     bssCOMMON    0071
_contadorTimeShutOff              bssBANK0     0062
_convertAngle                     text7        0473
_generateRandom                   text10       0520
_initPWM                          text5        0568
_main                             maintext     017B
_motorAngle                       bssBANK0     0054
_motorIncrement                   bssBANK0     0058
_motorRawValueTarget              bssBANK0     0068
_motorTarget                      bssBANK0     005C
_mustCheckServos                  bssCOMMON    0074
_mustStopNow                      bssCOMMON    0073
_myISR                            text15       03D9
_overflow_count                   bssBANK0     0060
_rand                             text11       04B9
_randx                            dataBANK0    006B
_setTorretPosition                text6        0022
_setup                            text1        0546
_setupTimer0                      text4        057F
_setupTimer1                      text3        0575
_srand                            text2        0591
_timer1InterruptHandler           text16       02AE
btemp                             (abs)        007E
calculateSpeedIncrement@increment cstackBANK0  004D
calculateSpeedIncrement@index     cstackBANK0  004F
calculateSpeedIncrement@speed     cstackBANK0  004B
clear_ram0                        clrtext      0589
convertAngle@temp                 cstackBANK0  0030
convertAngle@value                cstackBANK0  002E
end_of_initialization             cinit        0020
generateRandom@max                cstackBANK0  003C
generateRandom@min                cstackBANK0  003A
generateRandom@randomNumber       cstackBANK0  0040
interrupt_function                intentry     0004
intlevel0                         functab      0000
intlevel1                         functab      0000
intlevel2                         functab      0000
intlevel3                         functab      0000
intlevel4                         functab      0000
intlevel5                         functab      0000
reset_vec                         reset_vec    0000
saved_w                           (abs)        007E
srand@x                           cstackBANK0  0020
start                             init         000E
start_initialization              cinit        000F
wtemp0                            (abs)        007E


MODULE INFORMATION

Module		Function		Class		Link	Load	Size
C:\Program Files\Microchip\xc8\v2.46\pic\sources\c90\common\awdiv.c
		___awdiv       		CODE           	0317	0000	104

C:\Program Files\Microchip\xc8\v2.46\pic\sources\c90\common\awdiv.c estimated size: 104

C:\Program Files\Microchip\xc8\v2.46\pic\sources\c90\common\Umul16.c
		___wmul        		CODE           	04FA	0000	38

C:\Program Files\Microchip\xc8\v2.46\pic\sources\c90\common\Umul16.c estimated size: 38

C:\Program Files\Microchip\xc8\v2.46\pic\sources\c90\common\rand.c
		_srand         		CODE           	0591	0000	8
		_rand          		CODE           	04B9	0000	65

C:\Program Files\Microchip\xc8\v2.46\pic\sources\c90\common\rand.c estimated size: 73

C:\Program Files\Microchip\xc8\v2.46\pic\sources\c90\common\Umul32.c
		___lmul        		CODE           	042C	0000	71

C:\Program Files\Microchip\xc8\v2.46\pic\sources\c90\common\Umul32.c estimated size: 71

shared
		__initialization		CODE           	000F	0000	17

shared estimated size: 17

C:\Program Files\Microchip\xc8\v2.46\pic\sources\c90\common\awmod.c
		___awmod       		CODE           	037F	0000	90

C:\Program Files\Microchip\xc8\v2.46\pic\sources\c90\common\awmod.c estimated size: 90

main.c
		_timer1InterruptHandler		CODE           	02AE	0000	105
		_myISR         		CODE           	03D9	0000	83
		_main          		CODE           	017B	0000	183
		_calculateSpeedIncrement		CODE           	0232	0000	124
		_initPWM       		CODE           	0568	0000	13
		_setTorretPosition		CODE           	0022	0000	345
		_setup         		CODE           	0546	0000	34
		_generateRandom		CODE           	0520	0000	38
		_convertAngle  		CODE           	0473	0000	70
		_setupTimer0   		CODE           	057F	0000	10
		_setupTimer1   		CODE           	0575	0000	10

main.c estimated size: 1015

