Microchip MPLAB XC8 Compiler V2.40

Linker command line:

-W-3 \
  --edf=C:/Program Files/Microchip/MPLABX/v6.15/packs/Microchip/PIC10-12Fxxx_DFP/1.6.174/xc8\pic\dat\20230421221704_en.msgs \
  -cn -h+dist/Simulator/debug\CatLaserTorrent.X.debug.sym \
  --cmf=dist/Simulator/debug\CatLaserTorrent.X.debug.cmf -z -Q12F683 \
  -oC:\Users\epare\AppData\Local\Temp\xcAsl48.4 --defsym=__MPLAB_BUILD=1 \
  --fixupoverflow=error -Mdist/Simulator/debug/CatLaserTorrent.X.debug.map \
  --md=C:\Users\epare\AppData\Local\Temp\xcAsl48.dat -E1 -ver=XC8 Compiler \
  --acfsm=1493 -ACODE=00h-07FFh -ASTRCODE=00h-07FFh -ASTRING=00h-0FFhx8 \
  -ACONST=00h-0FFhx8 -AENTRY=00h-0FFhx8 -ACOMMON=070h-07Fh \
  -ABANK0=020h-06Fh -ABANK1=0A0h-0BFh -ARAM=020h-06Fh,0A0h-0BFh \
  -AABS1=020h-07Fh,0A0h-0BFh -ASFR0=00h-01Fh -ASFR1=080h-09Fh \
  -ACONFIG=02007h-02007h -DCONFIG=2 -AIDLOC=02000h-02003h -DIDLOC=2 \
  -AEEDATA=00h-0FFh/02100h -peeprom_data=EEDATA -DEEDATA=2 -DCODE=2 \
  -DSTRCODE=2 -DSTRING=2 -DCONST=2 -DENTRY=2 \
  -preset_vec=00h,intentry=04h,init,end_init -ppowerup=CODE -pcinit=CODE \
  -pfunctab=ENTRY -k C:\Users\epare\AppData\Local\Temp\xcAsl48.o \
  dist/Simulator/debug\CatLaserTorrent.X.debug.o 

Object code version is 3.11

Machine type is 12F683



                Name                               Link     Load   Length Selector   Space Scale
C:\Users\epare\AppData\Local\Temp\xcAsl48.o
                end_init                              C        C        1        8       0
                reset_vec                             0        0        1        0       0
                config                             2007     2007        1        0       4
                idloc                              2000     2000        4        0       5
dist/Simulator/debug\CatLaserTorrent.X.debug.o
                cinit                                 D        D       13        8       0
                intentry                              4        4        8        8       0
                config                             2007     2007        1        0       4
                idloc                              2000     2000        4        0       5
                text16                              2E2      2E2       71        8       0
                text15                              415      415       48        8       0
                text14                              353      353       68        8       0
                text13                              3BB      3BB       5A        8       0
                text12                              45D      45D       47        8       0
                text11                              4EA      4EA       41        8       0
                text10                              551      551       26        8       0
                text9                               266      266       7C        8       0
                text8                               52B      52B       26        8       0
                text7                               4A4      4A4       46        8       0
                text6                                20       20      159        8       0
                text5                               595      595        C        8       0
                text4                               5AB      5AB        A        8       0
                text3                               5A1      5A1        A        8       0
                text2                               5BD      5BD        8        8       0
                text1                               577      577       1E        8       0
                maintext                            179      179       ED        8       0
                cstackBANK0                          20       20       35       20       1
                cstackCOMMON                         70       70        5       70       1
                clrtext                             5B5      5B5        8        8       0
                dataBANK0                            6B       6B        4       20       1
                bssBANK0                             55       55       16       20       1
                bssCOMMON                            75       75        4       70       1
                nvCOMMON                             79       79        1       70       1
                idataBANK0                          5C5      5C5        4        8       0

TOTAL           Name                               Link     Load   Length     Space
        CLASS   CODE           
                end_init                              C        C        1         0
                cinit                                 D        D       13         0
                intentry                              4        4        8         0
                reset_vec                             0        0        1         0
                text16                              2E2      2E2       71         0
                text15                              415      415       48         0
                text14                              353      353       68         0
                text13                              3BB      3BB       5A         0
                text12                              45D      45D       47         0
                text11                              4EA      4EA       41         0
                text10                              551      551       26         0
                text9                               266      266       7C         0
                text8                               52B      52B       26         0
                text7                               4A4      4A4       46         0
                text6                                20       20      159         0
                text5                               595      595        C         0
                text4                               5AB      5AB        A         0
                text3                               5A1      5A1        A         0
                text2                               5BD      5BD        8         0
                text1                               577      577       1E         0
                maintext                            179      179       ED         0
                clrtext                             5B5      5B5        8         0
                idataBANK0                          5C5      5C5        4         0

        CLASS   STRCODE        

        CLASS   STRING         

        CLASS   CONST          

        CLASS   ENTRY          

        CLASS   COMMON         
                cstackCOMMON                         70       70        5         1
                bssCOMMON                            75       75        4         1
                nvCOMMON                             79       79        1         1

        CLASS   BANK0          
                cstackBANK0                          20       20       35         1
                dataBANK0                            6B       6B        4         1
                bssBANK0                             55       55       16         1

        CLASS   BANK1          

        CLASS   RAM            

        CLASS   ABS1           
                abs_s1                               7E       7E        2         1

        CLASS   SFR0           

        CLASS   SFR1           

        CLASS   CONFIG         
                config                             2007     2007        1         4

        CLASS   IDLOC          
                idloc                              2000     2000        4         5

        CLASS   EEDATA         

        CLASS   STACK          



SEGMENTS        Name                           Load    Length   Top    Selector   Space  Class     Delta

                reset_vec                      000000  000001  000001         0       0  CODE        2
                intentry                       000004  0005C5  0005C9         8       0  CODE        2
                cstackBANK0                    000020  00004F  00006F        20       1  BANK0       1
                cstackCOMMON                   000070  00000A  00007A        70       1  COMMON      1


UNUSED ADDRESS RANGES

        Name                Unused          Largest block    Delta
        BANK0            006F-006F              1           1
        BANK1            00A0-00BF             20           1
        CODE             0001-0003              3           2
                         05C9-07FF            237
        COMMON           007A-007D              4           1
        CONST            0001-0003              3           2
                         05C9-07FF            100
        EEDATA           2100-21FF            100           2
        ENTRY            0001-0003              3           2
                         05C9-07FF            100
        RAM              006F-006F              1           1
                         00A0-00BF             20
        SFR0             0000-001F             20           1
        SFR1             0080-009F             20           1
        STRCODE          0001-0003              3           2
                         05C9-07FF            237
        STRING           0001-0003              3           2
                         05C9-07FF            100

                                  Symbol Table

?___awdiv                         cstackBANK0  0026
?___awmod                         cstackBANK0  0034
?___lmul                          cstackBANK0  0020
?___wmul                          cstackBANK0  0020
?_calculateSpeedIncrement         cstackBANK0  0043
?_generateRandom                  cstackBANK0  003B
?_rand                            cstackBANK0  002D
_ANSEL                            (abs)        009F
_CCP1CON                          (abs)        0015
_ContadorMotor                    bssCOMMON    0075
_EstadoRCServo                    bssCOMMON    0076
_GP2                              (abs)        002A
_GPIO                             (abs)        0005
_GPIObits                         (abs)        0005
_INTCONbits                       (abs)        000B
_MaskMotor                        nvCOMMON     0079
_OPTION_REG                       (abs)        0081
_OPTION_REGbits                   (abs)        0081
_OSCCON                           (abs)        008F
_PIE1bits                         (abs)        008C
_PIR1bits                         (abs)        000C
_PR2                              (abs)        0092
_T1CON                            (abs)        0010
_T1CONbits                        (abs)        0010
_T2CON                            (abs)        0012
_TMR0                             (abs)        0001
_TMR1                             (abs)        000E
_TMR2                             (abs)        0011
_TMR2IF                           (abs)        0061
_TMR2ON                           (abs)        0092
_TRISIO                           (abs)        0085
__Habs1                           abs1         0000
__Hbank0                          bank0        0000
__Hbank1                          bank1        0000
__HbssBANK0                       bssBANK0     0000
__HbssCOMMON                      bssCOMMON    0000
__Hcinit                          cinit        0020
__Hclrtext                        clrtext      0000
__Hcode                           code         0000
__Hcommon                         common       0000
__Hconfig                         config       2008
__HcstackBANK0                    cstackBANK0  0000
__HcstackCOMMON                   cstackCOMMON 0000
__HdataBANK0                      dataBANK0    0000
__Heeprom_data                    eeprom_data  0000
__Hend_init                       end_init     000D
__Hfunctab                        functab      0000
__HidataBANK0                     idataBANK0   0000
__Hidloc                          idloc        2004
__Hinit                           init         000C
__Hintentry                       intentry     000C
__Hmaintext                       maintext     0000
__HnvCOMMON                       nvCOMMON     0000
__Hpowerup                        powerup      0000
__Hram                            ram          0000
__Hreset_vec                      reset_vec    0001
__Hsfr0                           sfr0         0000
__Hsfr1                           sfr1         0000
__Hspace_0                        (abs)        05C9
__Hspace_1                        (abs)        007A
__Hspace_2                        (abs)        0000
__Hspace_3                        (abs)        0000
__Hspace_4                        (abs)        400F
__Hstack                          stack        0000
__Hstrings                        strings      0000
__Htext                           text         0000
__Labs1                           abs1         0000
__Lbank0                          bank0        0000
__Lbank1                          bank1        0000
__LbssBANK0                       bssBANK0     0000
__LbssCOMMON                      bssCOMMON    0000
__Lcinit                          cinit        000D
__Lclrtext                        clrtext      0000
__Lcode                           code         0000
__Lcommon                         common       0000
__Lconfig                         config       0000
__LcstackBANK0                    cstackBANK0  0000
__LcstackCOMMON                   cstackCOMMON 0000
__LdataBANK0                      dataBANK0    0000
__Leeprom_data                    eeprom_data  0000
__Lend_init                       end_init     000C
__Lfunctab                        functab      0000
__LidataBANK0                     idataBANK0   0000
__Lidloc                          idloc        0000
__Linit                           init         000C
__Lintentry                       intentry     0004
__Lmaintext                       maintext     0000
__LnvCOMMON                       nvCOMMON     0000
__Lpowerup                        powerup      0000
__Lram                            ram          0000
__Lreset_vec                      reset_vec    0000
__Lsfr0                           sfr0         0000
__Lsfr1                           sfr1         0000
__Lspace_0                        (abs)        0000
__Lspace_1                        (abs)        0000
__Lspace_2                        (abs)        0000
__Lspace_3                        (abs)        0000
__Lspace_4                        (abs)        0000
__Lstack                          stack        0000
__Lstrings                        strings      0000
__Ltext                           text         0000
__S0                              (abs)        05C9
__S1                              (abs)        007A
__S3                              (abs)        0000
___awdiv                          text14       0353
___awdiv@counter                  cstackBANK0  002B
___awdiv@dividend                 cstackBANK0  0028
___awdiv@divisor                  cstackBANK0  0026
___awdiv@quotient                 cstackBANK0  002D
___awdiv@sign                     cstackBANK0  002C
___awmod                          text13       03BB
___awmod@counter                  cstackBANK0  0039
___awmod@dividend                 cstackBANK0  0036
___awmod@divisor                  cstackBANK0  0034
___awmod@sign                     cstackBANK0  003A
___int_sp                         stack        0000
___latbits                        (abs)        0000
___lmul                           text12       045D
___lmul@multiplicand              cstackBANK0  0024
___lmul@multiplier                cstackBANK0  0020
___lmul@product                   cstackBANK0  0029
___sp                             stack        0000
___stackhi                        (abs)        0000
___stacklo                        (abs)        0000
___wmul                           text8        052B
___wmul@multiplicand              cstackBANK0  0022
___wmul@multiplier                cstackBANK0  0020
___wmul@product                   cstackBANK0  0024
__end_of___awdiv                  text14       03BB
__end_of___awmod                  text13       0415
__end_of___lmul                   text12       04A4
__end_of___wmul                   text8        0551
__end_of__initialization          cinit        001E
__end_of_calculateSpeedIncrement  text9        02E2
__end_of_convertAngle             text7        04EA
__end_of_generateRandom           text10       0577
__end_of_initPWM                  text5        05A1
__end_of_main                     maintext     0266
__end_of_myISR                    text15       045D
__end_of_rand                     text11       052B
__end_of_setTorretPosition        text6        0179
__end_of_setup                    text1        0595
__end_of_setupTimer0              text4        05B5
__end_of_setupTimer1              text3        05AB
__end_of_srand                    text2        05C5
__end_of_timer1InterruptHandler   text16       0353
__initialization                  cinit        000D
__pbssBANK0                       bssBANK0     0055
__pbssCOMMON                      bssCOMMON    0075
__pcstackBANK0                    cstackBANK0  0020
__pcstackCOMMON                   cstackCOMMON 0070
__pdataBANK0                      dataBANK0    006B
__pidataBANK0                     idataBANK0   05C5
__pintentry                       intentry     0004
__pmaintext                       maintext     0179
__pnvCOMMON                       nvCOMMON     0079
__ptext1                          text1        0577
__ptext10                         text10       0551
__ptext11                         text11       04EA
__ptext12                         text12       045D
__ptext13                         text13       03BB
__ptext14                         text14       0353
__ptext15                         text15       0415
__ptext16                         text16       02E2
__ptext2                          text2        05BD
__ptext3                          text3        05A1
__ptext4                          text4        05AB
__ptext5                          text5        0595
__ptext6                          text6        0020
__ptext7                          text7        04A4
__ptext8                          text8        052B
__ptext9                          text9        0266
_calculateSpeedIncrement          text9        0266
_convertAngle                     text7        04A4
_generateRandom                   text10       0551
_initPWM                          text5        0595
_main                             maintext     0179
_motorAngle                       bssBANK0     0055
_motorIncrement                   bssBANK0     0059
_motorRawValueTarget              bssBANK0     0069
_motorTarget                      bssBANK0     005D
_mustCheckServos                  bssCOMMON    0078
_myISR                            text15       0415
_otroContador                     bssBANK0     0061
_overflow_count                   bssBANK0     0063
_rand                             text11       04EA
_randx                            dataBANK0    006B
_setTorretPosition                text6        0020
_setup                            text1        0577
_setupTimer0                      text4        05AB
_setupTimer1                      text3        05A1
_srand                            text2        05BD
_timer1InterruptHandler           text16       02E2
btemp                             (abs)        007E
calculateSpeedIncrement@increment cstackBANK0  004E
calculateSpeedIncrement@index     cstackBANK0  0050
calculateSpeedIncrement@speed     cstackBANK0  004C
clear_ram0                        clrtext      05B5
convertAngle@temp                 cstackBANK0  0031
convertAngle@value                cstackBANK0  002F
end_of_initialization             cinit        001E
generateRandom@max                cstackBANK0  003D
generateRandom@min                cstackBANK0  003B
generateRandom@randomNumber       cstackBANK0  0041
interrupt_function                intentry     0004
intlevel0                         functab      0000
intlevel1                         functab      0000
intlevel2                         functab      0000
intlevel3                         functab      0000
intlevel4                         functab      0000
intlevel5                         functab      0000
reset_vec                         reset_vec    0000
saved_w                           (abs)        007E
srand@x                           cstackBANK0  0020
start                             init         000C
start_initialization              cinit        000D
wtemp0                            (abs)        007E


MODULE INFORMATION

Module		Function		Class		Link	Load	Size
C:\Program Files\Microchip\xc8\v2.40\pic\sources\c90\common\awdiv.c
		___awdiv       		CODE           	0353	0000	104

C:\Program Files\Microchip\xc8\v2.40\pic\sources\c90\common\awdiv.c estimated size: 104

C:\Program Files\Microchip\xc8\v2.40\pic\sources\c90\common\rand.c
		_srand         		CODE           	05BD	0000	8
		_rand          		CODE           	04EA	0000	65

C:\Program Files\Microchip\xc8\v2.40\pic\sources\c90\common\rand.c estimated size: 73

C:\Program Files\Microchip\xc8\v2.40\pic\sources\c90\common\Umul16.c
		___wmul        		CODE           	052B	0000	38

C:\Program Files\Microchip\xc8\v2.40\pic\sources\c90\common\Umul16.c estimated size: 38

shared
		__initialization		CODE           	000D	0000	17

shared estimated size: 17

C:\Program Files\Microchip\xc8\v2.40\pic\sources\c90\common\awmod.c
		___awmod       		CODE           	03BB	0000	90

C:\Program Files\Microchip\xc8\v2.40\pic\sources\c90\common\awmod.c estimated size: 90

C:\Program Files\Microchip\xc8\v2.40\pic\sources\c90\common\Umul32.c
		___lmul        		CODE           	045D	0000	71

C:\Program Files\Microchip\xc8\v2.40\pic\sources\c90\common\Umul32.c estimated size: 71

main.c
		_timer1InterruptHandler		CODE           	02E2	0000	113
		_myISR         		CODE           	0415	0000	72
		_main          		CODE           	0179	0000	237
		_calculateSpeedIncrement		CODE           	0266	0000	124
		_initPWM       		CODE           	0595	0000	12
		_setTorretPosition		CODE           	0020	0000	345
		_setup         		CODE           	0577	0000	30
		_generateRandom		CODE           	0551	0000	38
		_convertAngle  		CODE           	04A4	0000	70
		_setupTimer0   		CODE           	05AB	0000	10
		_setupTimer1   		CODE           	05A1	0000	10

main.c estimated size: 1061

